[38;2;213;216;218m[38;2;37;176;188m> [m[38;2;213;216;218mT[m[38;2;213;216;218mype to filter[m[38;2;213;216;218m                                                                                       [m[m
[38;2;213;216;218m│Item 0                                                                                             [m   
[38;2;213;216;218mItem 1                                                                                              [m   
[38;2;213;216;218mItem 2                                                                                              [m   
[38;2;213;216;218mItem 3                                                                                              [m   
[38;2;213;216;218mItem 4                                                                                              [m   
                                                                                                       
                                                                                                       
                                                                                                       
                                                                                                       